// Jest Snapshot v1, https://goo.gl/fbAQLP

exports[`DataTable snapshots renders 1`] = `
<div
  className=""
>
  <div
    className="MuiTableContainer-root"
  >
    <table
      aria-label="simple table"
      className="MuiTable-root"
      role={null}
    >
      <thead
        className="MuiTableHead-root"
        role={null}
      >
        <tr
          className="MuiTableRow-root MuiTableRow-head"
          role={null}
        >
          <th
            aria-sort={null}
            className="MuiTableCell-root MuiTableCell-head"
            scope="col"
          >
            Name
          </th>
          <th
            aria-sort={null}
            className="MuiTableCell-root MuiTableCell-head"
            scope="col"
          >
            Status
          </th>
          <th
            aria-sort={null}
            className="MuiTableCell-root MuiTableCell-head"
            scope="col"
          >
            Last Updated
          </th>
        </tr>
      </thead>
      <tbody
        className="MuiTableBody-root"
        role={null}
      >
        <tr
          className="MuiTableRow-root"
          role={null}
        >
          <td
            aria-sort={null}
            className="MuiTableCell-root MuiTableCell-body"
          >
            <a
              href="/some_url"
            >
              my-cool-app
            </a>
          </td>
          <td
            aria-sort={null}
            className="MuiTableCell-root MuiTableCell-body"
          >
            Ready
          </td>
          <td
            aria-sort={null}
            className="MuiTableCell-root MuiTableCell-body"
          >
            2006-01-02T15:04:05-0700
          </td>
        </tr>
        <tr
          className="MuiTableRow-root"
          role={null}
        >
          <td
            aria-sort={null}
            className="MuiTableCell-root MuiTableCell-body"
          >
            <a
              href="/some_url"
            >
              nginx
            </a>
          </td>
          <td
            aria-sort={null}
            className="MuiTableCell-root MuiTableCell-body"
          >
            Ready
          </td>
          <td
            aria-sort={null}
            className="MuiTableCell-root MuiTableCell-body"
          >
            2006-01-02T15:04:05-0700
          </td>
        </tr>
        <tr
          className="MuiTableRow-root"
          role={null}
        >
          <td
            aria-sort={null}
            className="MuiTableCell-root MuiTableCell-body"
          >
            <a
              href="/some_url"
            >
              podinfo
            </a>
          </td>
          <td
            aria-sort={null}
            className="MuiTableCell-root MuiTableCell-body"
          >
            Ready
          </td>
          <td
            aria-sort={null}
            className="MuiTableCell-root MuiTableCell-body"
          >
            2006-01-02T15:04:05-0700
          </td>
        </tr>
      </tbody>
    </table>
  </div>
</div>
`;
